******************************************************************************
                  MSP430 Linker PC v20.2.4                     
******************************************************************************
>> Linked Wed Jun  9 17:15:28 2021

OUTPUT FILE NAME:   <BLE_Temp_Hum_SoilMoi.out>
ENTRY POINT SYMBOL: "_c_int00_noargs"  address: 0000c6d2


MEMORY CONFIGURATION

         name            origin    length      used     unused   attr    fill
----------------------  --------  ---------  --------  --------  ----  --------
  SFR                   00000000   00000010  00000000  00000010  RWIX
  PERIPHERALS_8BIT      00000010   000000f0  00000000  000000f0  RWIX
  PERIPHERALS_16BIT     00000100   00000100  00000000  00000100  RWIX
  RAM                   00000200   00000200  00000186  0000007a  RWIX
  INFOD                 00001000   00000040  00000000  00000040  RWIX
  INFOC                 00001040   00000040  00000000  00000040  RWIX
  INFOB                 00001080   00000040  00000000  00000040  RWIX
  INFOA                 000010c0   00000040  00000000  00000040  RWIX
  FLASH                 0000c000   00003fde  00000834  000037aa  RWIX
  BSLSIGNATURE          0000ffde   00000002  00000002  00000000  RWIX  ffff 
  INT00                 0000ffe0   00000002  00000002  00000000  RWIX
  INT01                 0000ffe2   00000002  00000000  00000002  RWIX
  INT02                 0000ffe4   00000002  00000002  00000000  RWIX
  INT03                 0000ffe6   00000002  00000002  00000000  RWIX
  INT04                 0000ffe8   00000002  00000000  00000002  RWIX
  INT05                 0000ffea   00000002  00000002  00000000  RWIX
  INT06                 0000ffec   00000002  00000002  00000000  RWIX
  INT07                 0000ffee   00000002  00000002  00000000  RWIX
  INT08                 0000fff0   00000002  00000002  00000000  RWIX
  INT09                 0000fff2   00000002  00000002  00000000  RWIX
  INT10                 0000fff4   00000002  00000002  00000000  RWIX
  INT11                 0000fff6   00000002  00000002  00000000  RWIX
  INT12                 0000fff8   00000002  00000002  00000000  RWIX
  INT13                 0000fffa   00000002  00000002  00000000  RWIX
  INT14                 0000fffc   00000002  00000002  00000000  RWIX
  RESET                 0000fffe   00000002  00000002  00000000  RWIX


SECTION ALLOCATION MAP

 output                                  attributes/
section   page    origin      length       input sections
--------  ----  ----------  ----------   ----------------
.bss       0    00000200    000000e2     UNINITIALIZED
                  00000200    00000064     (.common:diff)
                  00000264    00000064     (.common:temp)
                  000002c8    00000006     (.common:hh_char)
                  000002ce    00000006     (.common:hl_char)
                  000002d4    00000006     (.common:th_char)
                  000002da    00000006     (.common:tl_char)
                  000002e0    00000002     (.common:dataok)

.data      0    000002e2    00000054     UNINITIALIZED
                  000002e2    00000014     main.obj (.data:adc)
                  000002f6    00000012     main.obj (.data)
                  00000308    00000004     main.obj (.data:hundred)
                  0000030c    00000003     main.obj (.data:eighty)
                  0000030f    00000001     --HOLE--
                  00000310    00000003     main.obj (.data:fifty)
                  00000313    00000001     --HOLE--
                  00000314    00000003     main.obj (.data:forty)
                  00000317    00000001     --HOLE--
                  00000318    00000003     main.obj (.data:ninety)
                  0000031b    00000001     --HOLE--
                  0000031c    00000003     main.obj (.data:seventy)
                  0000031f    00000001     --HOLE--
                  00000320    00000003     main.obj (.data:sixty)
                  00000323    00000001     --HOLE--
                  00000324    00000003     main.obj (.data:ten)
                  00000327    00000001     --HOLE--
                  00000328    00000003     main.obj (.data:thirty)
                  0000032b    00000001     --HOLE--
                  0000032c    00000003     main.obj (.data:twenty)
                  0000032f    00000001     --HOLE--
                  00000330    00000003     main.obj (.data:zero)
                  00000333    00000001     --HOLE--
                  00000334    00000002     main.obj (.data:dot)

.stack     0    000003b0    00000050     UNINITIALIZED
                  000003b0    00000002     rts430_eabi.lib : boot.c.obj (.stack)
                  000003b2    0000004e     --HOLE--

.text      0    0000c000    000007cc     
                  0000c000    00000408     main.obj (.text:main)
                  0000c408    00000082     rts430_eabi.lib : ltoa.c.obj (.text:ltoa)
                  0000c48a    0000007c                     : copy_decompress_lzss.c.obj (.text:decompress:lzss:__TI_decompress_lzss)
                  0000c506    00000058                     : div32u.asm.obj (.text)
                  0000c55e    0000004e     main.obj (.text:Timer_A1)
                  0000c5ac    0000004c     rts430_eabi.lib : lsr16.asm.obj (.text)
                  0000c5f8    00000042                     : autoinit.c.obj (.text:__TI_auto_init_nobinit_nopinit:__TI_auto_init_nobinit_nopinit)
                  0000c63a    00000040                     : div32s.asm.obj (.text)
                  0000c67a    0000002c                     : div16s.asm.obj (.text)
                  0000c6a6    0000002c                     : lsl16.asm.obj (.text)
                  0000c6d2    0000001c                     : boot.c.obj (.text:_c_int00_noargs)
                  0000c6ee    0000001c     main.obj (.text:adc_Sam10)
                  0000c70a    00000016     main.obj (.text:adc_Setup)
                  0000c720    00000016     rts430_eabi.lib : div16u.asm.obj (.text)
                  0000c736    00000014                     : copy_zero_init.c.obj (.text:decompress:ZI:__TI_zero_init_nomemset:__TI_zero_init_nomemset)
                  0000c74a    00000014     main.obj (.text:ser_output)
                  0000c75e    00000012     rts430_eabi.lib : copy_decompress_none.c.obj (.text:decompress:none:__TI_decompress_none)
                  0000c770    00000012                     : memcpy.c.obj (.text:memcpy)
                  0000c782    00000010                     : epilog.asm.obj (.text)
                  0000c792    00000010                     : strcpy.c.obj (.text:strcpy)
                  0000c7a2    0000000e                     : labs.c.obj (.text:labs)
                  0000c7b0    00000008     main.obj (.text:ADC10_ISR)
                  0000c7b8    00000008     rts430_eabi.lib : isr_trap.asm.obj (.text:_isr:__TI_ISR_TRAP)
                  0000c7c0    00000006                     : exit.c.obj (.text:abort)
                  0000c7c6    00000004                     : pre_init.c.obj (.text:_system_pre_init)
                  0000c7ca    00000002                     : startup.c.obj (.text:_system_post_cinit)

.const     0    0000c7cc    00000026     
                  0000c7cc    00000026     rts430_eabi.lib : ltoa.c.obj (.const:.string)

.cinit     0    0000c7f2    00000042     
                  0000c7f2    00000030     (.cinit..data.load) [load image, compression = lzss]
                  0000c822    00000006     (__TI_handler_table)
                  0000c828    00000004     (.cinit..bss.load) [load image, compression = zero_init]
                  0000c82c    00000008     (__TI_cinit_table)

.binit     0    0000c000    00000000     

.init_array 
*          0    0000c000    00000000     UNINITIALIZED

TRAPINT    0    0000ffe0    00000002     
                  0000ffe0    00000002     rts430_eabi.lib : int00.asm.obj (.int00)

PORT1      0    0000ffe4    00000002     
                  0000ffe4    00000002     rts430_eabi.lib : int02.asm.obj (.int02)

PORT2      0    0000ffe6    00000002     
                  0000ffe6    00000002     rts430_eabi.lib : int03.asm.obj (.int03)

ADC10      0    0000ffea    00000002     
                  0000ffea    00000002     main.obj (.int05)

USCIAB0TX 
*          0    0000ffec    00000002     
                  0000ffec    00000002     rts430_eabi.lib : int06.asm.obj (.int06)

USCIAB0RX 
*          0    0000ffee    00000002     
                  0000ffee    00000002     rts430_eabi.lib : int07.asm.obj (.int07)

TIMER0_A1 
*          0    0000fff0    00000002     
                  0000fff0    00000002     rts430_eabi.lib : int08.asm.obj (.int08)

TIMER0_A0 
*          0    0000fff2    00000002     
                  0000fff2    00000002     rts430_eabi.lib : int09.asm.obj (.int09)

WDT        0    0000fff4    00000002     
                  0000fff4    00000002     rts430_eabi.lib : int10.asm.obj (.int10)

COMPARATORA 
*          0    0000fff6    00000002     
                  0000fff6    00000002     rts430_eabi.lib : int11.asm.obj (.int11)

TIMER1_A1 
*          0    0000fff8    00000002     
                  0000fff8    00000002     main.obj (.int12)

TIMER1_A0 
*          0    0000fffa    00000002     
                  0000fffa    00000002     rts430_eabi.lib : int13.asm.obj (.int13)

NMI        0    0000fffc    00000002     
                  0000fffc    00000002     rts430_eabi.lib : int14.asm.obj (.int14)

.reset     0    0000fffe    00000002     
                  0000fffe    00000002     rts430_eabi.lib : boot.c.obj (.reset)

$fill000   0    0000ffde    00000002     
                  0000ffde    00000002     --HOLE-- [fill = ffff]

MODULE SUMMARY

       Module                       code   ro data   rw data
       ------                       ----   -------   -------
    .\
       main.obj                     1188   4         300    
    +--+----------------------------+------+---------+---------+
       Total:                       1188   4         300    
                                                            
    C:\ti\ccs1031\ccs\tools\compiler\ti-cgt-msp430_20.2.4.LTS\lib\rts430_eabi.lib
       ltoa.c.obj                   130    38        0      
       copy_decompress_lzss.c.obj   124    0         0      
       div32u.asm.obj               88     0         0      
       lsr16.asm.obj                76     0         0      
       autoinit.c.obj               66     0         0      
       div32s.asm.obj               64     0         0      
       div16s.asm.obj               44     0         0      
       lsl16.asm.obj                44     0         0      
       boot.c.obj                   28     2         0      
       div16u.asm.obj               22     0         0      
       copy_zero_init.c.obj         20     0         0      
       copy_decompress_none.c.obj   18     0         0      
       memcpy.c.obj                 18     0         0      
       epilog.asm.obj               16     0         0      
       strcpy.c.obj                 16     0         0      
       labs.c.obj                   14     0         0      
       isr_trap.asm.obj             8      0         0      
       exit.c.obj                   6      0         0      
       pre_init.c.obj               4      0         0      
       int00.asm.obj                0      2         0      
       int02.asm.obj                0      2         0      
       int03.asm.obj                0      2         0      
       int06.asm.obj                0      2         0      
       int07.asm.obj                0      2         0      
       int08.asm.obj                0      2         0      
       int09.asm.obj                0      2         0      
       int10.asm.obj                0      2         0      
       int11.asm.obj                0      2         0      
       int13.asm.obj                0      2         0      
       int14.asm.obj                0      2         0      
       startup.c.obj                2      0         0      
    +--+----------------------------+------+---------+---------+
       Total:                       808    62        0      
                                                            
       Stack:                       0      0         80     
       Linker Generated:            0      66        0      
    +--+----------------------------+------+---------+---------+
       Grand Total:                 1996   132       380    


LINKER GENERATED COPY TABLES

__TI_cinit_table @ 0000c82c records: 2, size/record: 4, table size: 8
	.data: load addr=0000c7f2, load size=00000030 bytes, run addr=000002e2, run size=00000054 bytes, compression=lzss
	.bss: load addr=0000c828, load size=00000004 bytes, run addr=00000200, run size=000000e2 bytes, compression=zero_init


LINKER GENERATED HANDLER TABLE

__TI_handler_table @ 0000c822 records: 3, size/record: 2, table size: 6
	index: 0, handler: __TI_zero_init
	index: 1, handler: __TI_decompress_lzss
	index: 2, handler: __TI_decompress_none


GLOBAL SYMBOLS: SORTED ALPHABETICALLY BY Name 

address   name                          
-------   ----                          
0000004a  ADC10AE0                      
000001b0  ADC10CTL0                     
000001b2  ADC10CTL1                     
00000048  ADC10DTC0                     
00000049  ADC10DTC1                     
000001b4  ADC10MEM                      
000001bc  ADC10SA                       
0000c7b0  ADC10_ISR                     
00000057  BCSCTL1                       
00000058  BCSCTL2                       
00000053  BCSCTL3                       
0000c7c0  C$$EXIT                       
00000059  CACTL1                        
0000005a  CACTL2                        
000010fb  CALBC1_12MHZ                  
000010f9  CALBC1_16MHZ                  
000010ff  CALBC1_1MHZ                   
000010fd  CALBC1_8MHZ                   
000010fa  CALDCO_12MHZ                  
000010f8  CALDCO_16MHZ                  
000010fe  CALDCO_1MHZ                   
000010fc  CALDCO_8MHZ                   
0000005b  CAPD                          
00000056  DCOCTL                        
00000128  FCTL1                         
0000012a  FCTL2                         
0000012c  FCTL3                         
00000000  IE1                           
00000001  IE2                           
00000002  IFG1                          
00000003  IFG2                          
00000022  P1DIR                         
00000025  P1IE                          
00000024  P1IES                         
00000023  P1IFG                         
00000020  P1IN                          
00000021  P1OUT                         
00000027  P1REN                         
00000026  P1SEL                         
00000041  P1SEL2                        
0000002a  P2DIR                         
0000002d  P2IE                          
0000002c  P2IES                         
0000002b  P2IFG                         
00000028  P2IN                          
00000029  P2OUT                         
0000002f  P2REN                         
0000002e  P2SEL                         
00000042  P2SEL2                        
0000001a  P3DIR                         
00000018  P3IN                          
00000019  P3OUT                         
00000010  P3REN                         
0000001b  P3SEL                         
00000043  P3SEL2                        
00000172  TA0CCR0                       
00000174  TA0CCR1                       
00000176  TA0CCR2                       
00000162  TA0CCTL0                      
00000164  TA0CCTL1                      
00000166  TA0CCTL2                      
00000160  TA0CTL                        
0000012e  TA0IV                         
00000170  TA0R                          
00000192  TA1CCR0                       
00000194  TA1CCR1                       
00000196  TA1CCR2                       
00000182  TA1CCTL0                      
00000184  TA1CCTL1                      
00000186  TA1CCTL2                      
00000180  TA1CTL                        
0000011e  TA1IV                         
00000190  TA1R                          
000010db  TLV_ADC10_1_LEN               
000010da  TLV_ADC10_1_TAG               
000010c0  TLV_CHECKSUM                  
000010f7  TLV_DCO_30_LEN                
000010f6  TLV_DCO_30_TAG                
0000c55e  Timer_A1                      
0000005d  UCA0ABCTL                     
00000062  UCA0BR0                       
00000063  UCA0BR1                       
00000060  UCA0CTL0                      
00000061  UCA0CTL1                      
0000005f  UCA0IRRCTL                    
0000005e  UCA0IRTCTL                    
00000064  UCA0MCTL                      
00000066  UCA0RXBUF                     
00000065  UCA0STAT                      
00000067  UCA0TXBUF                     
0000006a  UCB0BR0                       
0000006b  UCB0BR1                       
00000068  UCB0CTL0                      
00000069  UCB0CTL1                      
0000006c  UCB0I2CIE                     
00000118  UCB0I2COA                     
0000011a  UCB0I2CSA                     
0000006e  UCB0RXBUF                     
0000006d  UCB0STAT                      
0000006f  UCB0TXBUF                     
00000120  WDTCTL                        
00000400  __STACK_END                   
00000050  __STACK_SIZE                  
0000c82c  __TI_CINIT_Base               
0000c834  __TI_CINIT_Limit              
0000c822  __TI_Handler_Table_Base       
0000c828  __TI_Handler_Table_Limit      
0000c7b8  __TI_ISR_TRAP                 
0000c5f8  __TI_auto_init_nobinit_nopinit
0000c48a  __TI_decompress_lzss          
0000c75e  __TI_decompress_none          
0000ffe0  __TI_int00                    
0000ffe4  __TI_int02                    
0000ffe6  __TI_int03                    
0000ffea  __TI_int05                    
0000ffec  __TI_int06                    
0000ffee  __TI_int07                    
0000fff0  __TI_int08                    
0000fff2  __TI_int09                    
0000fff4  __TI_int10                    
0000fff6  __TI_int11                    
0000fff8  __TI_int12                    
0000fffa  __TI_int13                    
0000fffc  __TI_int14                    
ffffffff  __TI_pprof_out_hndl           
ffffffff  __TI_prof_data_size           
ffffffff  __TI_prof_data_start          
0000c736  __TI_zero_init_nomemset       
ffffffff  __c_args__                    
0000c67a  __mspabi_divi                 
0000c63a  __mspabi_divli                
0000c720  __mspabi_divu                 
0000c506  __mspabi_divul                
0000c78e  __mspabi_func_epilog_1        
0000c78c  __mspabi_func_epilog_2        
0000c78a  __mspabi_func_epilog_3        
0000c788  __mspabi_func_epilog_4        
0000c786  __mspabi_func_epilog_5        
0000c784  __mspabi_func_epilog_6        
0000c782  __mspabi_func_epilog_7        
0000c67a  __mspabi_remi                 
0000c63a  __mspabi_remli                
0000c720  __mspabi_remu                 
0000c506  __mspabi_remul                
0000c6a6  __mspabi_slli                 
0000c6ce  __mspabi_slli_1               
0000c6bc  __mspabi_slli_10              
0000c6ba  __mspabi_slli_11              
0000c6b8  __mspabi_slli_12              
0000c6b6  __mspabi_slli_13              
0000c6b4  __mspabi_slli_14              
0000c6b2  __mspabi_slli_15              
0000c6cc  __mspabi_slli_2               
0000c6ca  __mspabi_slli_3               
0000c6c8  __mspabi_slli_4               
0000c6c6  __mspabi_slli_5               
0000c6c4  __mspabi_slli_6               
0000c6c2  __mspabi_slli_7               
0000c6c0  __mspabi_slli_8               
0000c6be  __mspabi_slli_9               
0000c5ac  __mspabi_srli                 
0000c5f2  __mspabi_srli_1               
0000c5ce  __mspabi_srli_10              
0000c5ca  __mspabi_srli_11              
0000c5c6  __mspabi_srli_12              
0000c5c2  __mspabi_srli_13              
0000c5be  __mspabi_srli_14              
0000c5ba  __mspabi_srli_15              
0000c5ee  __mspabi_srli_2               
0000c5ea  __mspabi_srli_3               
0000c5e6  __mspabi_srli_4               
0000c5e2  __mspabi_srli_5               
0000c5de  __mspabi_srli_6               
0000c5da  __mspabi_srli_7               
0000c5d6  __mspabi_srli_8               
0000c5d2  __mspabi_srli_9               
0000c6d2  _c_int00_noargs               
0000fffe  _reset_vector                 
000003b0  _stack                        
0000c7ca  _system_post_cinit            
0000c7c6  _system_pre_init              
0000c7c0  abort                         
000002e2  adc                           
0000c6ee  adc_Sam10                     
0000c70a  adc_Setup                     
00000306  avg_adc                       
00000302  check                         
00000304  checksum                      
000002e0  dataok                        
00000200  diff                          
00000334  dot                           
0000030c  eighty                        
00000310  fifty                         
00000314  forty                         
000002fa  hh                            
000002c8  hh_char                       
000002fc  hl                            
000002ce  hl_char                       
00000308  hundred                       
000002f6  i                             
000002f8  j                             
0000c7a2  labs                          
0000c408  ltoa                          
0000c000  main                          
0000c770  memcpy                        
00000318  ninety                        
0000c74a  ser_output                    
0000031c  seventy                       
00000320  sixty                         
0000c792  strcpy                        
00000264  temp                          
00000324  ten                           
000002fe  th                            
000002d4  th_char                       
00000328  thirty                        
00000300  tl                            
000002da  tl_char                       
0000032c  twenty                        
00000330  zero                          


GLOBAL SYMBOLS: SORTED BY Symbol Address 

address   name                          
-------   ----                          
00000000  IE1                           
00000001  IE2                           
00000002  IFG1                          
00000003  IFG2                          
00000010  P3REN                         
00000018  P3IN                          
00000019  P3OUT                         
0000001a  P3DIR                         
0000001b  P3SEL                         
00000020  P1IN                          
00000021  P1OUT                         
00000022  P1DIR                         
00000023  P1IFG                         
00000024  P1IES                         
00000025  P1IE                          
00000026  P1SEL                         
00000027  P1REN                         
00000028  P2IN                          
00000029  P2OUT                         
0000002a  P2DIR                         
0000002b  P2IFG                         
0000002c  P2IES                         
0000002d  P2IE                          
0000002e  P2SEL                         
0000002f  P2REN                         
00000041  P1SEL2                        
00000042  P2SEL2                        
00000043  P3SEL2                        
00000048  ADC10DTC0                     
00000049  ADC10DTC1                     
0000004a  ADC10AE0                      
00000050  __STACK_SIZE                  
00000053  BCSCTL3                       
00000056  DCOCTL                        
00000057  BCSCTL1                       
00000058  BCSCTL2                       
00000059  CACTL1                        
0000005a  CACTL2                        
0000005b  CAPD                          
0000005d  UCA0ABCTL                     
0000005e  UCA0IRTCTL                    
0000005f  UCA0IRRCTL                    
00000060  UCA0CTL0                      
00000061  UCA0CTL1                      
00000062  UCA0BR0                       
00000063  UCA0BR1                       
00000064  UCA0MCTL                      
00000065  UCA0STAT                      
00000066  UCA0RXBUF                     
00000067  UCA0TXBUF                     
00000068  UCB0CTL0                      
00000069  UCB0CTL1                      
0000006a  UCB0BR0                       
0000006b  UCB0BR1                       
0000006c  UCB0I2CIE                     
0000006d  UCB0STAT                      
0000006e  UCB0RXBUF                     
0000006f  UCB0TXBUF                     
00000118  UCB0I2COA                     
0000011a  UCB0I2CSA                     
0000011e  TA1IV                         
00000120  WDTCTL                        
00000128  FCTL1                         
0000012a  FCTL2                         
0000012c  FCTL3                         
0000012e  TA0IV                         
00000160  TA0CTL                        
00000162  TA0CCTL0                      
00000164  TA0CCTL1                      
00000166  TA0CCTL2                      
00000170  TA0R                          
00000172  TA0CCR0                       
00000174  TA0CCR1                       
00000176  TA0CCR2                       
00000180  TA1CTL                        
00000182  TA1CCTL0                      
00000184  TA1CCTL1                      
00000186  TA1CCTL2                      
00000190  TA1R                          
00000192  TA1CCR0                       
00000194  TA1CCR1                       
00000196  TA1CCR2                       
000001b0  ADC10CTL0                     
000001b2  ADC10CTL1                     
000001b4  ADC10MEM                      
000001bc  ADC10SA                       
00000200  diff                          
00000264  temp                          
000002c8  hh_char                       
000002ce  hl_char                       
000002d4  th_char                       
000002da  tl_char                       
000002e0  dataok                        
000002e2  adc                           
000002f6  i                             
000002f8  j                             
000002fa  hh                            
000002fc  hl                            
000002fe  th                            
00000300  tl                            
00000302  check                         
00000304  checksum                      
00000306  avg_adc                       
00000308  hundred                       
0000030c  eighty                        
00000310  fifty                         
00000314  forty                         
00000318  ninety                        
0000031c  seventy                       
00000320  sixty                         
00000324  ten                           
00000328  thirty                        
0000032c  twenty                        
00000330  zero                          
00000334  dot                           
000003b0  _stack                        
00000400  __STACK_END                   
000010c0  TLV_CHECKSUM                  
000010da  TLV_ADC10_1_TAG               
000010db  TLV_ADC10_1_LEN               
000010f6  TLV_DCO_30_TAG                
000010f7  TLV_DCO_30_LEN                
000010f8  CALDCO_16MHZ                  
000010f9  CALBC1_16MHZ                  
000010fa  CALDCO_12MHZ                  
000010fb  CALBC1_12MHZ                  
000010fc  CALDCO_8MHZ                   
000010fd  CALBC1_8MHZ                   
000010fe  CALDCO_1MHZ                   
000010ff  CALBC1_1MHZ                   
0000c000  main                          
0000c408  ltoa                          
0000c48a  __TI_decompress_lzss          
0000c506  __mspabi_divul                
0000c506  __mspabi_remul                
0000c55e  Timer_A1                      
0000c5ac  __mspabi_srli                 
0000c5ba  __mspabi_srli_15              
0000c5be  __mspabi_srli_14              
0000c5c2  __mspabi_srli_13              
0000c5c6  __mspabi_srli_12              
0000c5ca  __mspabi_srli_11              
0000c5ce  __mspabi_srli_10              
0000c5d2  __mspabi_srli_9               
0000c5d6  __mspabi_srli_8               
0000c5da  __mspabi_srli_7               
0000c5de  __mspabi_srli_6               
0000c5e2  __mspabi_srli_5               
0000c5e6  __mspabi_srli_4               
0000c5ea  __mspabi_srli_3               
0000c5ee  __mspabi_srli_2               
0000c5f2  __mspabi_srli_1               
0000c5f8  __TI_auto_init_nobinit_nopinit
0000c63a  __mspabi_divli                
0000c63a  __mspabi_remli                
0000c67a  __mspabi_divi                 
0000c67a  __mspabi_remi                 
0000c6a6  __mspabi_slli                 
0000c6b2  __mspabi_slli_15              
0000c6b4  __mspabi_slli_14              
0000c6b6  __mspabi_slli_13              
0000c6b8  __mspabi_slli_12              
0000c6ba  __mspabi_slli_11              
0000c6bc  __mspabi_slli_10              
0000c6be  __mspabi_slli_9               
0000c6c0  __mspabi_slli_8               
0000c6c2  __mspabi_slli_7               
0000c6c4  __mspabi_slli_6               
0000c6c6  __mspabi_slli_5               
0000c6c8  __mspabi_slli_4               
0000c6ca  __mspabi_slli_3               
0000c6cc  __mspabi_slli_2               
0000c6ce  __mspabi_slli_1               
0000c6d2  _c_int00_noargs               
0000c6ee  adc_Sam10                     
0000c70a  adc_Setup                     
0000c720  __mspabi_divu                 
0000c720  __mspabi_remu                 
0000c736  __TI_zero_init_nomemset       
0000c74a  ser_output                    
0000c75e  __TI_decompress_none          
0000c770  memcpy                        
0000c782  __mspabi_func_epilog_7        
0000c784  __mspabi_func_epilog_6        
0000c786  __mspabi_func_epilog_5        
0000c788  __mspabi_func_epilog_4        
0000c78a  __mspabi_func_epilog_3        
0000c78c  __mspabi_func_epilog_2        
0000c78e  __mspabi_func_epilog_1        
0000c792  strcpy                        
0000c7a2  labs                          
0000c7b0  ADC10_ISR                     
0000c7b8  __TI_ISR_TRAP                 
0000c7c0  C$$EXIT                       
0000c7c0  abort                         
0000c7c6  _system_pre_init              
0000c7ca  _system_post_cinit            
0000c822  __TI_Handler_Table_Base       
0000c828  __TI_Handler_Table_Limit      
0000c82c  __TI_CINIT_Base               
0000c834  __TI_CINIT_Limit              
0000ffe0  __TI_int00                    
0000ffe4  __TI_int02                    
0000ffe6  __TI_int03                    
0000ffea  __TI_int05                    
0000ffec  __TI_int06                    
0000ffee  __TI_int07                    
0000fff0  __TI_int08                    
0000fff2  __TI_int09                    
0000fff4  __TI_int10                    
0000fff6  __TI_int11                    
0000fff8  __TI_int12                    
0000fffa  __TI_int13                    
0000fffc  __TI_int14                    
0000fffe  _reset_vector                 
ffffffff  __TI_pprof_out_hndl           
ffffffff  __TI_prof_data_size           
ffffffff  __TI_prof_data_start          
ffffffff  __c_args__                    

[219 symbols]
